[2026-02-04 00:48:48] Connecting to ImgBB for file: pngtree-anime-pineapple-sticker-art-design-clipart-vector-png-image_12272396.png
[2026-02-04 00:50:17] CURL Error: Recv failure: Connection was reset
[2026-02-04 00:51:47] Connecting to ImgBB for file: pngtree-anime-pineapple-sticker-art-design-clipart-vector-png-image_12272396.png
[2026-02-04 00:52:17] Database Error: SQLSTATE[42S22]: Column not found: 1054 Unknown column 'profile_image' in 'field list'
[2026-02-04 00:58:05] Connecting to ImgBB for file: pngtree-anime-pineapple-sticker-art-design-clipart-vector-png-image_12272396.png
[2026-02-04 00:58:07] Success! Image saved to DB: https://i.ibb.co/spL6gQkP/9060e86d6d52.png
[2026-02-04 02:59:42] Connecting to ImgBB for file: pixel-pineapple-isolated-on-transparent-260nw-2711579187.webp
[2026-02-04 02:59:43] Success! Image saved to DB: https://i.ibb.co/vvqw5MJh/3a53cd97f680.webp
[2026-02-04 03:05:32] Connecting to ImgBB for file: default_profile_pic.jpg
[2026-02-04 03:05:33] Success! Optimized Image saved to DB: https://i.ibb.co/gbcxN4qy/default-profile-pic.jpg
[2026-02-04 03:05:42] Connecting to ImgBB for file: pngtree-anime-pineapple-sticker-art-design-clipart-vector-png-image_12272396.png
[2026-02-04 03:05:45] Success! Optimized Image saved to DB: https://i.ibb.co/5g9bVFVg/52d3fdf3b018.png
[2026-02-04 03:06:53] Connecting to ImgBB for file: pngtree-anime-pineapple-sticker-art-design-clipart-vector-png-image_12272396.png
[2026-02-04 03:06:57] Success! Optimized Image saved to DB: https://i.ibb.co/7dKmP6Cv/9d8015e56d3f.png
[2026-02-04 03:09:34] Connecting to ImgBB for file: pngtree-anime-pineapple-sticker-art-design-clipart-vector-png-image_12272396.png
[2026-02-04 03:09:37] Success! Optimized Image saved to DB: https://i.ibb.co/7dKmP6Cv/9d8015e56d3f.png
[2026-02-04 03:24:37] Connecting to ImgBB for file: pixel-pineapple-isolated-on-transparent-260nw-2711579187.webp
[2026-02-04 03:24:38] Success! Optimized Image saved to DB: https://i.ibb.co/k2VbWS82/568531372f92.webp
[2026-02-14 03:36:26] Connecting to ImgBB for file: default_profile_img.png
[2026-02-14 03:37:55] CURL Error: Recv failure: Connection was reset
[2026-02-14 03:44:30] Connecting to ImgBB for file: default_profile_img.png
[2026-02-14 03:45:14] Success! Optimized Image saved to DB: https://i.ibb.co/pY14TCB/2eb83043a39a.png
[2026-02-14 03:48:27] Connecting to ImgBB for file: default_profile_img_pineapple.png
[2026-02-14 03:49:38] CURL Error: Recv failure: Connection was reset
[2026-02-14 03:52:42] Connecting to ImgBB for file: default_profile_img_pineapple.png
[2026-02-14 03:53:46] CURL Error: 
[2026-02-16 00:39:52] Connecting to ImgBB for file: landOwner_icon.png
[2026-02-16 00:39:54] Success! Optimized Image saved to DB: https://i.ibb.co/1YQdKWgY/c18c3210aeb1.png
[2026-02-16 00:41:15] Connecting to ImgBB for file: web_icon.png
[2026-02-16 00:41:30] Success! Optimized Image saved to DB: https://i.ibb.co/XxVgPx2Z/4a009ae1833c.png
[2026-02-24 08:50:41] Connecting to ImgBB for file: default_profile_img_pineapple.png
[2026-02-24 08:50:45] Success! Optimized Image saved to DB: https://i.ibb.co/5xKrMZ8G/6e0f6f809885.png
[2026-02-24 08:53:27] Connecting to ImgBB for file: default_profile_img.png
[2026-02-24 08:53:31] Success! Optimized Image saved to DB: https://i.ibb.co/chtS9PzY/9f61e818de57.png
[2026-03-05 06:54:03] Connecting to ImgBB for file: login_icon.png
[2026-03-05 06:54:15] Success! Optimized Image saved to DB: https://i.ibb.co/0jfdYLD8/98031692c72e.png
